14:51:32 **** Build of configuration Debug for project test_dram ****
make all 
make --no-print-directory pre-build
a9-linaro-pre-build-step
' '
make --no-print-directory main-build
'Building file: ../src/test01.c'
'Invoking: ARM v7 gcc compiler'
arm-none-eabi-gcc -Wall -O0 -g3 -c -fmessage-length=0 -MT"src/test01.o" -mcpu=cortex-a9 -mfpu=vfpv3 -mfloat-abi=hard -IC:/Users/dianhsu/Desktop/Using_IP_with_Zynq/mylab/relu_vitis/zed_hw/export/zed_hw/sw/zed_hw/standalone_domain/bspinclude/include -MMD -MP -MF"src/test01.d" -MT"src/test01.o" -o "src/test01.o" "../src/test01.c"
'Finished building: ../src/test01.c'
' '
'Building file: ../src/translation_table.s'
'Invoking: ARM v7 gcc assembler'
arm-none-eabi-gcc -c  -o"src/translation_table.o" "../src/translation_table.s"
'Finished building: ../src/translation_table.s'
' '
'Building target: test_dram.elf'
'Invoking: ARM v7 gcc linker'
arm-none-eabi-gcc -mcpu=cortex-a9 -mfpu=vfpv3 -mfloat-abi=hard -Wl,-build-id=none -specs=Xilinx.spec -Wl,-T -Wl,../src/lscript.ld -LC:/Users/dianhsu/Desktop/Using_IP_with_Zynq/mylab/relu_vitis/zed_hw/export/zed_hw/sw/zed_hw/standalone_domain/bsplib/lib -o "test_dram.elf"  ./src/test01.o ./src/translation_table.o   -Wl,--start-group,-lxil,-lgcc,-lc,--end-group
'Finished building target: test_dram.elf'
' '
'Invoking: ARM v7 Print Size'
arm-none-eabi-size test_dram.elf  |tee "test_dram.elf.size"
   text	   data	    bss	    dec	    hex	filename
  87136	   4788	  66528	 158452	  26af4	test_dram.elf
'Finished building: test_dram.elf.size'
' '

14:51:33 Build Finished (took 863ms)

